spike run: 2026-05-19T09:08:28Z
host: Darwin Krishans-MacBook-Pro.local 25.5.0 Darwin Kernel Version 25.5.0: Mon Apr 27 20:41:12 PDT 2026; root:xnu-12377.121.6~2/RELEASE_ARM64_T6050 arm64

=== /Users/krishankoenig/Library/Application Support/Herd/bin/mariadbd ===
version: /Users/krishankoenig/Library/Application Support/Herd/bin/mariadbd  Ver 11.8.6-MariaDB for osx13.0 on arm64 (MariaDB Server)
flavor: mariadb
tmpdata: /tmp/hearth-spike-mysqld.QtRdII
trying: /Users/krishankoenig/Library/Application Support/Herd/bin/mariadbd --initialize-insecure --datadir=/tmp/hearth-spike-mysqld.QtRdII
2026-05-19 11:08:28 0 [Warning] Setting lower_case_table_names=2 because file system for /tmp/hearth-spike-mysqld.QtRdII/ is case insensitive
2026-05-19 11:08:28 0 [Note] Starting MariaDB 11.8.6-MariaDB source revision 9bfea48ce1214cc4470f6f6f8a4e30352cef84e7 server_uid /6FSkTL8mJIaVR16sg1nnPldIYU= as process 5209
2026-05-19 11:08:28 0 [Note] InnoDB: The first data file './ibdata1' did not exist. A new tablespace will be created!
2026-05-19 11:08:28 0 [Note] InnoDB: Compressed tables use zlib 1.3.2
2026-05-19 11:08:28 0 [Note] InnoDB: Number of transaction pools: 1
2026-05-19 11:08:28 0 [Note] InnoDB: Using generic crc32 instructions
2026-05-19 11:08:28 0 [Note] InnoDB: innodb_buffer_pool_size_max=128m, innodb_buffer_pool_size=128m
2026-05-19 11:08:28 0 [Note] InnoDB: Completed initialization of buffer pool
2026-05-19 11:08:28 0 [Note] InnoDB: Setting file './ibdata1' size to 12.000MiB. Physically writing the file full; Please wait ...
2026-05-19 11:08:28 0 [Note] InnoDB: File './ibdata1' size is now 12.000MiB.
2026-05-19 11:08:28 0 [Note] InnoDB: Data file .//undo001 did not exist: new to be created
2026-05-19 11:08:28 0 [Note] InnoDB: Setting file .//undo001 size to 10.000MiB
2026-05-19 11:08:28 0 [Note] InnoDB: Database physically writes the file full: wait...
2026-05-19 11:08:28 0 [Note] InnoDB: Data file .//undo002 did not exist: new to be created
2026-05-19 11:08:28 0 [Note] InnoDB: Setting file .//undo002 size to 10.000MiB
2026-05-19 11:08:28 0 [Note] InnoDB: Database physically writes the file full: wait...
2026-05-19 11:08:28 0 [Note] InnoDB: Data file .//undo003 did not exist: new to be created
2026-05-19 11:08:28 0 [Note] InnoDB: Setting file .//undo003 size to 10.000MiB
2026-05-19 11:08:28 0 [Note] InnoDB: Database physically writes the file full: wait...
2026-05-19 11:08:28 0 [Note] InnoDB: Doublewrite buffer not found: creating new
2026-05-19 11:08:28 0 [Note] InnoDB: Doublewrite buffer created
2026-05-19 11:08:28 0 [Note] InnoDB: Opened 3 undo tablespaces
2026-05-19 11:08:28 0 [Note] InnoDB: 128 rollback segments in 3 undo tablespaces are active.
2026-05-19 11:08:28 0 [Note] InnoDB: Setting file './ibtmp1' size to 12.000MiB. Physically writing the file full; Please wait ...
2026-05-19 11:08:28 0 [Note] InnoDB: File './ibtmp1' size is now 12.000MiB.
2026-05-19 11:08:28 0 [Note] InnoDB: log sequence number 0; transaction id 3
2026-05-19 11:08:28 0 [Note] Plugin 'FEEDBACK' is disabled.
2026-05-19 11:08:28 0 [ERROR] Could not open mysql.plugin table: "Table 'mysql.plugin' doesn't exist". Some plugins may be not loaded
2026-05-19 11:08:28 0 [ERROR] /Users/krishankoenig/Library/Application Support/Herd/bin/mariadbd: unknown option '--initialize-insecure'
2026-05-19 11:08:28 0 [ERROR] Aborting
result: FAILED
  aria_log.00000001
  aria_log_control
  ib_buffer_pool
  ib_logfile0
  ibdata1
  undo001
  undo002
  undo003

